SelectionTrace [sample] event=1 rawView=(633.8048095703125,510.75311279296875) normalized=(0.6749784979449548,0.5439330274685503) canvas=(1382.3559637912674,934.0251597444089)
SelectionTrace [coordinator.selectionMouseDown] point=(1382.3559637912674,934.0251597444089) modifiers=0
SelectionTrace [beginSelection] kind=lasso start=(1382.3559637912674,934.0251597444089) combine=replace
SelectionTrace [sample] event=6 rawView=(632.3101806640625,511.724853515625) normalized=(0.6733867738701411,0.5449678951178115) canvas=(1379.096112886049,931.905750798722)
SelectionTrace [sample] event=6 rawView=(556.541015625,492.2325439453125) normalized=(0.5926954373003195,0.5242093119758386) canvas=(1213.8402555910543,974.4193290734825)
SelectionTrace [sample] event=6 rawView=(545.90576171875,482.80078125) normalized=(0.581369288305378,0.5141648362619808) canvas=(1190.6443024494142,994.9904153354632)
SelectionTrace [sampleBatch] draggedEvents=3 finalCanvas=(1190.6443024494142,994.9904153354632)
SelectionTrace [coordinator.didChangeSelectionAt] point=(1379.096112886049,931.905750798722) modifiers=0
SelectionTrace [updateSelection] rawPointCount=2 firstRaw=(1382.3559637912674,934.0251597444089) lastRaw=(1379.096112886049,931.905750798722) current=(1379.096112886049,931.905750798722) boundsOrigin=(1379.096112886049,931.905750798722) boundsSize=(3.2598509052184,2.119408945686928)
SelectionTrace [selectionPreviewShape] pointCount=2 current=(1379.096112886049,931.905750798722) previewLast=(1379.096112886049,931.905750798722)
SelectionTrace [coordinator.didChangeSelectionAt] point=(1213.8402555910543,974.4193290734825) modifiers=0
SelectionTrace [coordinator.didChangeSelectionAt] point=(1190.6443024494142,994.9904153354632) modifiers=0
SelectionTrace [sample] event=6 rawView=(564.0718994140625,382.13818359375) normalized=(0.6007155478318025,0.40696292182507987) canvas=(1230.2654419595315,1214.5399361022364)
SelectionTrace [sample] event=6 rawView=(576.834228515625,382.88134765625) normalized=(0.6143069526257987,0.4077543638511715) canvas=(1258.1006389776358,1212.9190628328008)
SelectionTrace [sampleBatch] draggedEvents=2 finalCanvas=(1258.1006389776358,1212.9190628328008)
SelectionTrace [coordinator.didChangeSelectionAt] point=(1230.2654419595315,1214.5399361022364) modifiers=0
SelectionTrace [coordinator.didChangeSelectionAt] point=(1258.1006389776358,1212.9190628328008) modifiers=0
SelectionTrace [sample] event=6 rawView=(674.5638427734375,440.27215576171875) normalized=(0.7183853490664937,0.4688734353159944) canvas=(1471.253194888179,1087.7472044728434)
SelectionTrace [sample] event=6 rawView=(689.6256103515625,488.4598388671875) normalized=(0.7344255701294595,0.5201915216902955) canvas=(1504.103567625133,982.6477635782749)
SelectionTrace [sampleBatch] draggedEvents=2 finalCanvas=(1504.103567625133,982.6477635782749)
SelectionTrace [coordinator.didChangeSelectionAt] point=(1471.253194888179,1087.7472044728434) modifiers=0
SelectionTrace [coordinator.didChangeSelectionAt] point=(1504.103567625133,982.6477635782749) modifiers=0
SelectionTrace [sample] event=6 rawView=(647.7744140625,520.8136596679688) normalized=(0.6898556060303515,0.5546471348966653) canvas=(1412.8242811501598,912.0826677316295)
SelectionTrace [sample] event=6 rawView=(639.1512451171875,520.5850219726562) normalized=(0.6806722525209664,0.5544036442733293) canvas=(1394.0167731629392,912.5813365282215)
SelectionTrace [sampleBatch] draggedEvents=2 finalCanvas=(1394.0167731629392,912.5813365282215)
SelectionTrace [coordinator.didChangeSelectionAt] point=(1412.8242811501598,912.0826677316295) modifiers=0
SelectionTrace [coordinator.didChangeSelectionAt] point=(1394.0167731629392,912.5813365282215) modifiers=0
SelectionTrace [sample] event=6 rawView=(602.703857421875,503.264892578125) normalized=(0.6418571431542864,0.5359583520533813) canvas=(1314.5234291799786,950.3572949946752)
SelectionTrace [sample] event=6 rawView=(594.885498046875,497.83447265625) normalized=(0.6335308818390575,0.5301751572484026) canvas=(1297.4712460063897,962.2012779552715)
SelectionTrace [sampleBatch] draggedEvents=2 finalCanvas=(1297.4712460063897,962.2012779552715)
SelectionTrace [coordinator.didChangeSelectionAt] point=(1314.5234291799786,950.3572949946752) modifiers=0
SelectionTrace [coordinator.didChangeSelectionAt] point=(1297.4712460063897,962.2012779552715) modifiers=0
SelectionTrace [sample] event=6 rawView=(594.0806884765625,497.54864501953125) normalized=(0.6326737896449015,0.5298707614691494) canvas=(1295.7159211927583,962.8246805111821)
SelectionTrace [sample] event=6 rawView=(593.9656982421875,497.434326171875) normalized=(0.6325513293314031,0.5297490161574814) canvas=(1295.4651224707136,963.0740149094781)
SelectionTrace [sampleBatch] draggedEvents=2 finalCanvas=(1295.4651224707136,963.0740149094781)
SelectionTrace [coordinator.didChangeSelectionAt] point=(1295.7159211927583,962.8246805111821) modifiers=0
SelectionTrace [coordinator.didChangeSelectionAt] point=(1295.4651224707136,963.0740149094781) modifiers=0
SelectionTrace [sample] event=6 rawView=(593.9656982421875,496.86273193359375) normalized=(0.6325513293314031,0.5291402895991414) canvas=(1295.4651224707136,964.3206869009584)
SelectionTrace [sampleBatch] draggedEvents=1 finalCanvas=(1295.4651224707136,964.3206869009584)
SelectionTrace [coordinator.didChangeSelectionAt] point=(1295.4651224707136,964.3206869009584) modifiers=0
SelectionTrace [sample] event=2 rawView=(593.9656982421875,496.46258544921875) normalized=(0.6325513293314031,0.5287141485082202) canvas=(1295.4651224707136,965.1934238551651)
SelectionTrace [coordinator.didEndSelectionAt] point=(1295.4651224707136,965.1934238551651) modifiers=0
SelectionTrace [commitSelection:begin] kind=lasso end=(1295.4651224707136,965.1934238551651) rawPointCount=15 firstRaw=(1382.3559637912674,934.0251597444089) lastRaw=(1295.4651224707136,964.3206869009584) rawBoundsOrigin=(1190.6443024494142,912.0826677316295) rawBoundsSize=(313.4592651757189,302.4572683706069)
SelectionTrace [selectionInput] polygonPointCount=447 end=(1295.4651224707136,965.1934238551651) inputLast=(1338.9105431309904,949.609291799787)
SelectionTrace [rasterizedSelectionMaskBytes] allPointCount=447 clampedBoundsOrigin=(1197.959928627844,912.3622734945532) clampedBoundsSize=(294.06442157377387,301.36722597296534) localRect=(1196,911)-(1494,1215)
SelectionTrace [selectionMaskShape] polygonShapeCount=1 maskBoundsOrigin=(1197.0,912.0) maskBoundsSize=(296.0,302.0) preferredDisplayKind=lasso
SelectionTrace [vectorDisplayShape] source=component kind=lasso boundsOrigin=(1197.959928627844,912.3622734945532) boundsSize=(294.06442157377387,301.36722597296534)
SelectionTrace [sample] event=1 rawView=(789.19482421875,416.892822265625) normalized=(0.8404630715854633,0.44397531657681044) canvas=(1721.2683706070288,1138.7385516506922)
SelectionTrace [coordinator.selectionMouseDown] point=(1721.2683706070288,1138.7385516506922) modifiers=0
SelectionTrace [beginSelection] kind=lasso start=(1721.2683706070288,1138.7385516506922) combine=replace
SelectionTrace [sample] event=6 rawView=(787.5850830078125,418.7220458984375) normalized=(0.8387487571968184,0.4459233715638312) canvas=(1717.757454739084,1134.7489350372737)
SelectionTrace [sample] event=6 rawView=(785.9754638671875,420.15106201171875) normalized=(0.8370345728085063,0.44744522045976437) canvas=(1714.246805111821,1131.6321884984027)
SelectionTrace [sample] event=6 rawView=(764.1875,427.1820068359375) normalized=(0.8138312034078807,0.45493291462826146) canvas=(1666.7263045793397,1116.2973908413205)
SelectionTrace [sample] event=6 rawView=(758.9561767578125,427.1820068359375) normalized=(0.8082600391457002,0.45493291462826146) canvas=(1655.316560170394,1116.2973908413205)
SelectionTrace [sample] event=6 rawView=(756.0816650390625,426.953369140625) normalized=(0.8051987913089057,0.45468942400492546) canvas=(1649.0471246006389,1116.7960596379125)
SelectionTrace [sampleBatch] draggedEvents=5 finalCanvas=(1649.0471246006389,1116.7960596379125)
SelectionTrace [coordinator.didChangeSelectionAt] point=(1717.757454739084,1134.7489350372737) modifiers=0
SelectionTrace [updateSelection] rawPointCount=2 firstRaw=(1721.2683706070288,1138.7385516506922) lastRaw=(1717.757454739084,1134.7489350372737) current=(1717.757454739084,1134.7489350372737) boundsOrigin=(1717.757454739084,1134.7489350372737) boundsSize=(3.510915867944732,3.989616613418548)
SelectionTrace [selectionPreviewShape] pointCount=2 current=(1717.757454739084,1134.7489350372737) previewLast=(1717.757454739084,1134.7489350372737)
SelectionTrace [coordinator.didChangeSelectionAt] point=(1714.246805111821,1131.6321884984027) modifiers=0
SelectionTrace [coordinator.didChangeSelectionAt] point=(1666.7263045793397,1116.2973908413205) modifiers=0
SelectionTrace [coordinator.didChangeSelectionAt] point=(1655.316560170394,1116.2973908413205) modifiers=0
SelectionTrace [coordinator.didChangeSelectionAt] point=(1649.0471246006389,1116.7960596379125) modifiers=0
SelectionTrace [sample] event=6 rawView=(715.32275390625,411.34808349609375) normalized=(0.7617920701876997,0.4380703764601637) canvas=(1560.150159744409,1150.8318690095848)
SelectionTrace [sample] event=6 rawView=(694.05224609375,389.05487060546875) normalized=(0.7391397721978168,0.41432893568207535) canvas=(1513.7582534611288,1199.4543397231096)
SelectionTrace [sampleBatch] draggedEvents=2 finalCanvas=(1513.7582534611288,1199.4543397231096)
SelectionTrace [coordinator.didChangeSelectionAt] point=(1560.150159744409,1150.8318690095848) modifiers=0
SelectionTrace [coordinator.didChangeSelectionAt] point=(1513.7582534611288,1199.4543397231096) modifiers=0
SelectionTrace [sample] event=6 rawView=(688.303466796875,337.094482421875) normalized=(0.7330175365248935,0.3589930590222311) canvas=(1501.219914802982,1312.7822151224707)
SelectionTrace [sample] event=6 rawView=(701.755615234375,309.7137451171875) normalized=(0.7473435731995474,0.3298335943740016) canvas=(1530.559637912673,1372.5007987220447)
SelectionTrace [sampleBatch] draggedEvents=2 finalCanvas=(1530.559637912673,1372.5007987220447)
SelectionTrace [coordinator.didChangeSelectionAt] point=(1501.219914802982,1312.7822151224707) modifiers=0
SelectionTrace [coordinator.didChangeSelectionAt] point=(1530.559637912673,1372.5007987220447) modifiers=0
SelectionTrace [sample] event=6 rawView=(736.075927734375,285.019775390625) normalized=(0.7838934267671726,0.30353543705071884) canvas=(1605.4137380191694,1426.3594249201278)
SelectionTrace [sample] event=6 rawView=(759.4735107421875,279.303466796875) normalized=(0.8088109805561102,0.29744778146632056) canvas=(1656.4448881789137,1438.8269435569755)
SelectionTrace [sampleBatch] draggedEvents=2 finalCanvas=(1656.4448881789137,1438.8269435569755)
SelectionTrace [coordinator.didChangeSelectionAt] point=(1605.4137380191694,1426.3594249201278) modifiers=0
SelectionTrace [coordinator.didChangeSelectionAt] point=(1656.4448881789137,1438.8269435569755) modifiers=0
SelectionTrace [sample] event=6 rawView=(803.854248046875,291.764892578125) normalized=(0.8560748115515175,0.3107187354399627) canvas=(1753.241214057508,1411.6480298189563)
SelectionTrace [sample] event=6 rawView=(807.3609619140625,294.4515380859375) normalized=(0.8598093311118876,0.3135799127645767) canvas=(1760.8895101171458,1405.788338658147)
SelectionTrace [sample] event=6 rawView=(836.852294921875,322.803955078125) normalized=(0.8912165015142439,0.34377418006190097) canvas=(1825.2113951011715,1343.9504792332268)
SelectionTrace [sampleBatch] draggedEvents=3 finalCanvas=(1825.2113951011715,1343.9504792332268)
SelectionTrace [coordinator.didChangeSelectionAt] point=(1753.241214057508,1411.6480298189563) modifiers=0
SelectionTrace [coordinator.didChangeSelectionAt] point=(1760.8895101171458,1405.788338658147) modifiers=0
SelectionTrace [coordinator.didChangeSelectionAt] point=(1825.2113951011715,1343.9504792332268) modifiers=0
SelectionTrace [sample] event=6 rawView=(857.83544921875,370.24853515625) normalized=(0.9135627787207136,0.3943008894102769) canvas=(1870.9765708200214,1240.471778487753)
SelectionTrace [sample] event=6 rawView=(858.23779296875,412.4342041015625) normalized=(0.9139912598176251,0.4392270544212593) canvas=(1871.8541001064962,1148.462992545261)
SelectionTrace [sampleBatch] draggedEvents=2 finalCanvas=(1871.8541001064962,1148.462992545261)
SelectionTrace [coordinator.didChangeSelectionAt] point=(1870.9765708200214,1240.471778487753) modifiers=0
SelectionTrace [coordinator.didChangeSelectionAt] point=(1871.8541001064962,1148.462992545261) modifiers=0
SelectionTrace [sample] event=6 rawView=(847.6025390625,445.87408447265625) normalized=(0.9026651108226837,0.4748392805885583) canvas=(1848.6581469648563,1075.5291533546326)
SelectionTrace [sample] event=6 rawView=(843.46337890625,449.24664306640625) normalized=(0.8982570595380724,0.47843092978318025) canvas=(1839.6304579339724,1068.1734558040469)
SelectionTrace [sampleBatch] draggedEvents=2 finalCanvas=(1839.6304579339724,1068.1734558040469)
SelectionTrace [coordinator.didChangeSelectionAt] point=(1848.6581469648563,1075.5291533546326) modifiers=0
SelectionTrace [coordinator.didChangeSelectionAt] point=(1839.6304579339724,1068.1734558040469) modifiers=0
SelectionTrace [sample] event=6 rawView=(802.0146484375,444.1591796875) normalized=(0.8541157065362087,0.47301297091320554) canvas=(1749.2289669861555,1079.269435569755)
SelectionTrace [sample] event=6 rawView=(801.32470703125,442.4443359375) normalized=(0.8533809446552183,0.47118672623801916) canvas=(1747.724174653887,1083.0095846645368)
SelectionTrace [sampleBatch] draggedEvents=2 finalCanvas=(1747.724174653887,1083.0095846645368)
SelectionTrace [coordinator.didChangeSelectionAt] point=(1749.2289669861555,1079.269435569755) modifiers=0
SelectionTrace [coordinator.didChangeSelectionAt] point=(1747.724174653887,1083.0095846645368) modifiers=0
SelectionTrace [sample] event=6 rawView=(796.898193359375,431.69781494140625) normalized=(0.8486668725871939,0.45974208193972976) canvas=(1738.069755058573,1106.4482161874334)
SelectionTrace [sampleBatch] draggedEvents=1 finalCanvas=(1738.069755058573,1106.4482161874334)
SelectionTrace [coordinator.didChangeSelectionAt] point=(1738.069755058573,1106.4482161874334) modifiers=0
SelectionTrace [sample] event=2 rawView=(796.6107177734375,431.06903076171875) normalized=(0.8483607218034478,0.45907245022547255) canvas=(1737.442758253461,1107.819621938232)
SelectionTrace [coordinator.didEndSelectionAt] point=(1737.442758253461,1107.819621938232) modifiers=0
SelectionTrace [commitSelection:begin] kind=lasso end=(1737.442758253461,1107.819621938232) rawPointCount=22 firstRaw=(1721.2683706070288,1138.7385516506922) lastRaw=(1738.069755058573,1106.4482161874334) rawBoundsOrigin=(1501.219914802982,1068.1734558040469) rawBoundsSize=(370.6341853035142,370.65348775292864)
SelectionTrace [selectionInput] polygonPointCount=493 end=(1737.442758253461,1107.819621938232) inputLast=(1729.355564430245,1123.2790867944623)
SelectionTrace [rasterizedSelectionMaskBytes] allPointCount=493 clampedBoundsOrigin=(1505.61218048201,1070.3880313041084) clampedBoundsSize=(365.8185522602507,364.16416350539) localRect=(1504,1069)-(1873,1436)
SelectionTrace [selectionMaskShape] polygonShapeCount=1 maskBoundsOrigin=(1505.0,1070.0) maskBoundsSize=(367.0,365.0) preferredDisplayKind=lasso
SelectionTrace [vectorDisplayShape] source=component kind=lasso boundsOrigin=(1505.61218048201,1070.3880313041084) boundsSize=(365.8185522602507,364.16416350539)
SelectionTrace [sample] event=1 rawView=(659.9044189453125,255.809814453125) normalized=(0.7027736091004393,0.27242791741546857) canvas=(1439.2803514376997,1490.0676251331204)
SelectionTrace [coordinator.selectionMouseDown] point=(1439.2803514376997,1490.0676251331204) modifiers=0
SelectionTrace [beginSelection] kind=lasso start=(1439.2803514376997,1490.0676251331204) combine=replace
SelectionTrace [sample] event=6 rawView=(652.3734130859375,265.9847412109375) normalized=(0.6947533685686236,0.283263835155418) canvas=(1422.854898828541,1467.875665601704)
SelectionTrace [sample] event=6 rawView=(651.2811279296875,266.0989990234375) normalized=(0.6935901255907215,0.2833855154669196) canvas=(1420.4725772097977,1467.6264643237487)
SelectionTrace [sample] event=6 rawView=(648.5792236328125,266.0989990234375) normalized=(0.6907126982245074,0.2833855154669196) canvas=(1414.5796059637912,1467.6264643237487)
SelectionTrace [sampleBatch] draggedEvents=3 finalCanvas=(1414.5796059637912,1467.6264643237487)
SelectionTrace [coordinator.didChangeSelectionAt] point=(1422.854898828541,1467.875665601704) modifiers=0
SelectionTrace [updateSelection] rawPointCount=2 firstRaw=(1439.2803514376997,1490.0676251331204) lastRaw=(1422.854898828541,1467.875665601704) current=(1422.854898828541,1467.875665601704) boundsOrigin=(1422.854898828541,1467.875665601704) boundsSize=(16.425452609158583,22.191959531416387)
SelectionTrace [selectionPreviewShape] pointCount=2 current=(1422.854898828541,1467.875665601704) previewLast=(1422.854898828541,1467.875665601704)
SelectionTrace [coordinator.didChangeSelectionAt] point=(1420.4725772097977,1467.6264643237487) modifiers=0
SelectionTrace [coordinator.didChangeSelectionAt] point=(1414.5796059637912,1467.6264643237487) modifiers=0
SelectionTrace [sample] event=6 rawView=(616.6734619140625,254.380859375) normalized=(0.6567342512396832,0.27090613351970183) canvas=(1344.9917465388712,1493.1842385516507)
SelectionTrace [sample] event=6 rawView=(597.2999267578125,239.1185302734375) normalized=(0.6361021584215255,0.2546523219099441) canvas=(1302.7372204472842,1526.4720447284344)
SelectionTrace [sampleBatch] draggedEvents=2 finalCanvas=(1302.7372204472842,1526.4720447284344)
SelectionTrace [coordinator.didChangeSelectionAt] point=(1344.9917465388712,1493.1842385516507) modifiers=0
SelectionTrace [coordinator.didChangeSelectionAt] point=(1302.7372204472842,1526.4720447284344) modifiers=0
SelectionTrace [sample] event=6 rawView=(582.7554931640625,213.5670166015625) normalized=(0.6206128787689696,0.22744091224873536) canvas=(1271.0151757188498,1582.20101171459)
SelectionTrace [sample] event=6 rawView=(577.926513671875,187.1580810546875) normalized=(0.6154701956037008,0.19931638024993345) canvas=(1260.4829605963791,1639.8000532481362)
SelectionTrace [sampleBatch] draggedEvents=2 finalCanvas=(1260.4829605963791,1639.8000532481362)
SelectionTrace [coordinator.didChangeSelectionAt] point=(1271.0151757188498,1582.20101171459) modifiers=0
SelectionTrace [coordinator.didChangeSelectionAt] point=(1260.4829605963791,1639.8000532481362) modifiers=0
SelectionTrace [sample] event=6 rawView=(579.018798828125,154.57568359375) normalized=(0.6166334385816028,0.16461734142039403) canvas=(1262.8652822151225,1710.8636847710331)
SelectionTrace [sample] event=6 rawView=(588.159423828125,137.369873046875) normalized=(0.6263678635017306,0.14629379451211394) canvas=(1282.8013844515442,1748.3903088391908)
SelectionTrace [sampleBatch] draggedEvents=2 finalCanvas=(1282.8013844515442,1748.3903088391908)
SelectionTrace [coordinator.didChangeSelectionAt] point=(1262.8652822151225,1710.8636847710331) modifiers=0
SelectionTrace [coordinator.didChangeSelectionAt] point=(1282.8013844515442,1748.3903088391908) modifiers=0
SelectionTrace [sample] event=6 rawView=(609.544921875,115.93408203125) normalized=(0.6491426218051118,0.12346547607161874) canvas=(1329.444089456869,1795.1427050053248)
SelectionTrace [sample] event=6 rawView=(626.388916015625,107.931396484375) normalized=(0.6670808477269702,0.1149429142538605) canvas=(1366.181576144835,1812.5969116080937)
SelectionTrace [sampleBatch] draggedEvents=2 finalCanvas=(1366.181576144835,1812.5969116080937)
SelectionTrace [coordinator.didChangeSelectionAt] point=(1329.444089456869,1795.1427050053248) modifiers=0
SelectionTrace [coordinator.didChangeSelectionAt] point=(1366.181576144835,1812.5969116080937) modifiers=0
SelectionTrace [sample] event=6 rawView=(662.6063232421875,106.5023193359375) normalized=(0.7056510364666534,0.11342100035776091) canvas=(1445.1733226837061,1815.7137912673056)
SelectionTrace [sample] event=6 rawView=(689.3382568359375,117.76318359375) normalized=(0.7341195493460463,0.1254134010583067) canvas=(1503.4768370607028,1791.153354632588)
SelectionTrace [sampleBatch] draggedEvents=2 finalCanvas=(1503.4768370607028,1791.153354632588)
SelectionTrace [coordinator.didChangeSelectionAt] point=(1445.1733226837061,1815.7137912673056) modifiers=0
SelectionTrace [coordinator.didChangeSelectionAt] point=(1503.4768370607028,1791.153354632588) modifiers=0
SelectionTrace [sample] event=6 rawView=(732.396728515625,153.4896240234375) normalized=(0.7799752167365549,0.16346072845946485) canvas=(1597.3892438764644,1713.2324281150159)
SelectionTrace [sample] event=6 rawView=(753.2647705078125,195.9610595703125) normalized=(0.8021989036291933,0.20869122424953407) canvas=(1642.903354632588,1620.6003727369543)
SelectionTrace [sampleBatch] draggedEvents=2 finalCanvas=(1642.903354632588,1620.6003727369543)
SelectionTrace [coordinator.didChangeSelectionAt] point=(1597.3892438764644,1713.2324281150159) modifiers=0
SelectionTrace [coordinator.didChangeSelectionAt] point=(1642.903354632588,1620.6003727369543) modifiers=0
SelectionTrace [sample] event=6 rawView=(752.7474365234375,273.7587890625) normalized=(0.8016479622187833,0.29154290634984026) canvas=(1641.7750266240682,1450.9201277955272)
SelectionTrace [sample] event=6 rawView=(738.4903564453125,299.310302734375) normalized=(0.7864647033496406,0.318754316011049) canvas=(1610.679712460064,1395.1911608093717)
SelectionTrace [sampleBatch] draggedEvents=2 finalCanvas=(1610.679712460064,1395.1911608093717)
SelectionTrace [coordinator.didChangeSelectionAt] point=(1641.7750266240682,1450.9201277955272) modifiers=0
SelectionTrace [coordinator.didChangeSelectionAt] point=(1610.679712460064,1395.1911608093717) modifiers=0
SelectionTrace [sample] event=6 rawView=(697.846435546875,297.25244140625) normalized=(0.7431804425419329,0.31656277040069225) canvas=(1522.0335463258787,1399.6794462193823)
SelectionTrace [sample] event=6 rawView=(664.7333984375,278.331787109375) normalized=(0.7079162922657082,0.2964129788172258) canvas=(1449.8125665601704,1440.9462193823215)
SelectionTrace [sampleBatch] draggedEvents=2 finalCanvas=(1449.8125665601704,1440.9462193823215)
SelectionTrace [coordinator.didChangeSelectionAt] point=(1522.0335463258787,1399.6794462193823) modifiers=0
SelectionTrace [coordinator.didChangeSelectionAt] point=(1449.8125665601704,1440.9462193823215) modifiers=0
SelectionTrace [sample] event=6 rawView=(645.2449951171875,262.8408203125) normalized=(0.687161869134385,0.2799156765841321) canvas=(1407.3075079872206,1474.7326943556975)
SelectionTrace [sample] event=6 rawView=(646.2796630859375,262.497802734375) normalized=(0.688263751955205,0.2795503756489617) canvas=(1409.5641640042597,1475.4808306709265)
SelectionTrace [sampleBatch] draggedEvents=2 finalCanvas=(1409.5641640042597,1475.4808306709265)
SelectionTrace [coordinator.didChangeSelectionAt] point=(1407.3075079872206,1474.7326943556975) modifiers=0
SelectionTrace [coordinator.didChangeSelectionAt] point=(1409.5641640042597,1475.4808306709265) modifiers=0
SelectionTrace [sample] event=6 rawView=(647.3719482421875,263.0694580078125) normalized=(0.689426994933107,0.28015916720746803) canvas=(1411.9464856230031,1474.2340255591055)
SelectionTrace [sampleBatch] draggedEvents=1 finalCanvas=(1411.9464856230031,1474.2340255591055)
SelectionTrace [coordinator.didChangeSelectionAt] point=(1411.9464856230031,1474.2340255591055) modifiers=0
SelectionTrace [sample] event=2 rawView=(648.6942138671875,264.041259765625) normalized=(0.6908351585380058,0.28119409985689564) canvas=(1414.830404685836,1472.1144834930778)
SelectionTrace [coordinator.didEndSelectionAt] point=(1414.830404685836,1472.1144834930778) modifiers=0
SelectionTrace [commitSelection:begin] kind=lasso end=(1414.830404685836,1472.1144834930778) rawPointCount=23 firstRaw=(1439.2803514376997,1490.0676251331204) lastRaw=(1411.9464856230031,1474.2340255591055) rawBoundsOrigin=(1260.4829605963791,1395.1911608093717) rawBoundsSize=(382.4203940362088,420.52263045793393)
SelectionTrace [selectionInput] polygonPointCount=554 end=(1414.830404685836,1472.1144834930778) inputLast=(1427.055378061768,1481.091054313099)
SelectionTrace [rasterizedSelectionMaskBytes] allPointCount=554 clampedBoundsOrigin=(1261.4547869365624,1397.2710587790716) clampedBoundsSize=(380.89720925245547,417.0586334517657) localRect=(1260,1396)-(1644,1816)
SelectionTrace [selectionMaskShape] polygonShapeCount=1 maskBoundsOrigin=(1261.0,1397.0) maskBoundsSize=(382.0,418.0) preferredDisplayKind=lasso
SelectionTrace [vectorDisplayShape] source=component kind=lasso boundsOrigin=(1261.4547869365624,1397.2710587790716) boundsSize=(380.89720925245547,417.0586334517657)
SelectionTrace [sample] event=1 rawView=(625.9127197265625,519.264892578125) normalized=(0.6665737164287141,0.5529977556742546) canvas=(1365.1429712460065,915.4605963791266)
SelectionTrace [coordinator.selectionMouseDown] point=(1365.1429712460065,915.4605963791266) modifiers=0
SelectionTrace [beginSelection] kind=lasso start=(1365.1429712460065,915.4605963791266) combine=replace
SelectionTrace [sample] event=6 rawView=(623.0958251953125,520.122314453125) normalized=(0.6635738287490016,0.5539108780118477) canvas=(1358.9992012779553,913.5905218317359)
SelectionTrace [sample] event=6 rawView=(593.2021484375,519.0361938476562) normalized=(0.6317381772497338,0.5527542000507522) canvas=(1293.7997870074548,915.9593982960596)
SelectionTrace [sample] event=6 rawView=(586.993408203125,517.5499877929688) normalized=(0.6251261003228168,0.5511714459989018) canvas=(1280.2582534611288,919.2008785942492)
SelectionTrace [sampleBatch] draggedEvents=3 finalCanvas=(1280.2582534611288,919.2008785942492)
SelectionTrace [coordinator.didChangeSelectionAt] point=(1358.9992012779553,913.5905218317359) modifiers=0
SelectionTrace [updateSelection] rawPointCount=2 firstRaw=(1365.1429712460065,915.4605963791266) lastRaw=(1358.9992012779553,913.5905218317359) current=(1358.9992012779553,913.5905218317359) boundsOrigin=(1358.9992012779553,913.5905218317359) boundsSize=(6.143769968051174,1.8700745473906863)
SelectionTrace [selectionPreviewShape] pointCount=2 current=(1358.9992012779553,913.5905218317359) previewLast=(1358.9992012779553,913.5905218317359)
SelectionTrace [coordinator.didChangeSelectionAt] point=(1293.7997870074548,915.9593982960596) modifiers=0
SelectionTrace [coordinator.didChangeSelectionAt] point=(1280.2582534611288,919.2008785942492) modifiers=0
SelectionTrace [sample] event=6 rawView=(552.8455810546875,504.8599853515625) normalized=(0.5887599372254393,0.53765706640209) canvas=(1205.7803514376997,946.8783280085197)
SelectionTrace [sample] event=6 rawView=(537.78369140625,495.25677490234375) normalized=(0.5727195861621406,0.5274300052208134) canvas=(1172.929712460064,967.8233493077742)
SelectionTrace [sampleBatch] draggedEvents=2 finalCanvas=(1172.929712460064,967.8233493077742)
SelectionTrace [coordinator.didChangeSelectionAt] point=(1205.7803514376997,946.8783280085197) modifiers=0
SelectionTrace [coordinator.didChangeSelectionAt] point=(1172.929712460064,967.8233493077742) modifiers=0
SelectionTrace [sample] event=6 rawView=(519.330078125,477.5936279296875) normalized=(0.5530671758519702,0.5086194120656949) canvas=(1132.681576144835,1006.3474440894568)
SelectionTrace [sample] event=6 rawView=(511.396728515625,467.5330810546875) normalized=(0.5446184542232428,0.49790530463757987) canvas=(1115.3785942492013,1028.2899361022364)
SelectionTrace [sampleBatch] draggedEvents=2 finalCanvas=(1115.3785942492013,1028.2899361022364)
SelectionTrace [coordinator.didChangeSelectionAt] point=(1132.681576144835,1006.3474440894568) modifiers=0
SelectionTrace [coordinator.didChangeSelectionAt] point=(1115.3785942492013,1028.2899361022364) modifiers=0
SelectionTrace [sample] event=6 rawView=(506.395263671875,452.49945068359375) normalized=(0.5392920805877263,0.48189504865132454) canvas=(1104.4701810436634,1061.0789403620875)
SelectionTrace [sample] event=6 rawView=(506.2802734375,444.03948974609375) normalized=(0.5391696202742279,0.4728855055868943) canvas=(1104.2193823216187,1079.5304845580404)
SelectionTrace [sampleBatch] draggedEvents=2 finalCanvas=(1104.2193823216187,1079.5304845580404)
SelectionTrace [coordinator.didChangeSelectionAt] point=(1104.4701810436634,1061.0789403620875) modifiers=0
SelectionTrace [coordinator.didChangeSelectionAt] point=(1104.2193823216187,1079.5304845580404) modifiers=0
SelectionTrace [sample] event=6 rawView=(507.085205078125,425.86187744140625) normalized=(0.5400268424687167,0.45352702602918665) canvas=(1105.9749733759318,1119.1766506922258)
SelectionTrace [sample] event=6 rawView=(507.2001953125,424.54718017578125) normalized=(0.5401493027822151,0.4521269224449215) canvas=(1106.2257720979765,1122.0440628328008)
SelectionTrace [sample] event=6 rawView=(509.6146240234375,415.4583740234375) normalized=(0.5427205793646832,0.4424476826660676) canvas=(1111.4917465388712,1141.8671458998936)
SelectionTrace [sampleBatch] draggedEvents=3 finalCanvas=(1111.4917465388712,1141.8671458998936)
SelectionTrace [coordinator.didChangeSelectionAt] point=(1105.9749733759318,1119.1766506922258) modifiers=0
SelectionTrace [coordinator.didChangeSelectionAt] point=(1106.2257720979765,1122.0440628328008) modifiers=0
SelectionTrace [coordinator.didChangeSelectionAt] point=(1111.4917465388712,1141.8671458998936) modifiers=0
SelectionTrace [sample] event=6 rawView=(524.0440673828125,394.765625) normalized=(0.5580873987037407,0.4204106762513312) canvas=(1142.962992545261,1186.9989350372737)
SelectionTrace [sample] event=6 rawView=(541.69287109375,387.96337890625) normalized=(0.576882716819755,0.41316653770633655) canvas=(1181.4558040468582,1201.8349307774229)
SelectionTrace [sampleBatch] draggedEvents=2 finalCanvas=(1181.4558040468582,1201.8349307774229)
SelectionTrace [coordinator.didChangeSelectionAt] point=(1142.962992545261,1186.9989350372737) modifiers=0
SelectionTrace [coordinator.didChangeSelectionAt] point=(1181.4558040468582,1201.8349307774229) modifiers=0
SelectionTrace [sample] event=6 rawView=(580.8421630859375,387.10595703125) normalized=(0.6185752535526491,0.4122534153687433) canvas=(1266.8421192758253,1203.7050053248136)
SelectionTrace [sample] event=6 rawView=(615.2774658203125,393.1651611328125) normalized=(0.6552475674337727,0.4187062418879792) canvas=(1341.9470181043664,1190.4896166134185)
SelectionTrace [sampleBatch] draggedEvents=2 finalCanvas=(1341.9470181043664,1190.4896166134185)
SelectionTrace [coordinator.didChangeSelectionAt] point=(1266.8421192758253,1203.7050053248136) modifiers=0
SelectionTrace [coordinator.didChangeSelectionAt] point=(1341.9470181043664,1190.4896166134185) modifiers=0
SelectionTrace [sample] event=6 rawView=(655.8065185546875,414.71527099609375) normalized=(0.6984094979283147,0.44165630564014247) canvas=(1430.3426517571886,1143.4878860489882)
SelectionTrace [sample] event=6 rawView=(672.8804931640625,438.4947509765625) normalized=(0.7165926444771699,0.4669805654702476) canvas=(1467.5817358892439,1091.623801916933)
SelectionTrace [sampleBatch] draggedEvents=2 finalCanvas=(1467.5817358892439,1091.623801916933)
SelectionTrace [coordinator.didChangeSelectionAt] point=(1430.3426517571886,1143.4878860489882) modifiers=0
SelectionTrace [coordinator.didChangeSelectionAt] point=(1467.5817358892439,1091.623801916933) modifiers=0
SelectionTrace [sample] event=6 rawView=(667.361572265625,516.1209716796875) normalized=(0.7107151994309105,0.5496495971029686) canvas=(1455.5447284345048,922.3176251331204)
SelectionTrace [sampleBatch] draggedEvents=1 finalCanvas=(1455.5447284345048,922.3176251331204)
SelectionTrace [coordinator.didChangeSelectionAt] point=(1455.5447284345048,922.3176251331204) modifiers=0
SelectionTrace [sample] event=6 rawView=(658.8533935546875,521.3226928710938) normalized=(0.701654306235024,0.5551892362844449) canvas=(1436.9880191693292,910.9724440894568)
SelectionTrace [sample] event=6 rawView=(658.7384033203125,521.3226928710938) normalized=(0.7015318459215255,0.5551892362844449) canvas=(1436.7372204472842,910.9724440894568)
SelectionTrace [sampleBatch] draggedEvents=2 finalCanvas=(1436.7372204472842,910.9724440894568)
SelectionTrace [coordinator.didChangeSelectionAt] point=(1436.9880191693292,910.9724440894568) modifiers=0
SelectionTrace [coordinator.didChangeSelectionAt] point=(1436.7372204472842,910.9724440894568) modifiers=0
SelectionTrace [sample] event=6 rawView=(657.0137939453125,519.1505126953125) normalized=(0.6996952012197151,0.5528759453624201) canvas=(1432.9757720979765,915.7100638977636)
SelectionTrace [sample] event=6 rawView=(656.3238525390625,517.664306640625) normalized=(0.6989604393387248,0.5512931913105698) canvas=(1431.4709797657083,918.9515441959531)
SelectionTrace [sampleBatch] draggedEvents=2 finalCanvas=(1431.4709797657083,918.9515441959531)
SelectionTrace [coordinator.didChangeSelectionAt] point=(1432.9757720979765,915.7100638977636) modifiers=0
SelectionTrace [coordinator.didChangeSelectionAt] point=(1431.4709797657083,918.9515441959531) modifiers=0
SelectionTrace [updateSelection] rawPointCount=24 firstRaw=(1365.1429712460065,915.4605963791266) lastRaw=(1431.4709797657083,918.9515441959531) current=(1431.4709797657083,918.9515441959531) boundsOrigin=(1104.2193823216187,910.9724440894568) boundsSize=(363.3623535676252,292.7325612353568)
SelectionTrace [selectionPreviewShape] pointCount=24 current=(1431.4709797657083,918.9515441959531) previewLast=(1431.4709797657083,918.9515441959531)
SelectionTrace [sample] event=2 rawView=(656.208984375,517.0927124023438) normalized=(0.6988381090255591,0.5506844647522298) canvas=(1431.220447284345,920.1982161874334)
SelectionTrace [coordinator.didEndSelectionAt] point=(1431.220447284345,920.1982161874334) modifiers=0
SelectionTrace [commitSelection:begin] kind=lasso end=(1431.220447284345,920.1982161874334) rawPointCount=24 firstRaw=(1365.1429712460065,915.4605963791266) lastRaw=(1431.4709797657083,918.9515441959531) rawBoundsOrigin=(1104.2193823216187,910.9724440894568) rawBoundsSize=(363.3623535676252,292.7325612353568)
SelectionTrace [selectionInput] polygonPointCount=445 end=(1431.220447284345,920.1982161874334) inputLast=(1398.1817092651759,917.82940628328)
SelectionTrace [rasterizedSelectionMaskBytes] allPointCount=445 clampedBoundsOrigin=(1104.3308484203053,912.6555363270618) clampedBoundsSize=(358.69998415492296,290.23028676003923) localRect=(1103,911)-(1465,1204)
SelectionTrace [selectionMaskShape] polygonShapeCount=1 maskBoundsOrigin=(1104.0,912.0) maskBoundsSize=(360.0,291.0) preferredDisplayKind=lasso
SelectionTrace [vectorDisplayShape] source=component kind=lasso boundsOrigin=(1104.3308484203053,912.6555363270618) boundsSize=(358.69998415492296,290.23028676003923)
SelectionTrace [sample] event=1 rawView=(564.400634765625,516.6925659179688) normalized=(0.6010656387280351,0.5502583236613086) canvas=(1230.9824281150159,921.0709531416401)
SelectionTrace [coordinator.selectionMouseDown] point=(1230.9824281150159,921.0709531416401) modifiers=0
SelectionTrace [beginSelection] kind=lasso start=(1230.9824281150159,921.0709531416401) combine=replace
SelectionTrace [sample] event=6 rawView=(564.400634765625,517.0927124023438) normalized=(0.6010656387280351,0.5506844647522298) canvas=(1230.9824281150159,920.1982161874334)
SelectionTrace [sample] event=6 rawView=(548.131591796875,508.00390625) normalized=(0.5837397143736688,0.5410052249733759) canvas=(1195.4989350372737,940.0212992545262)
SelectionTrace [sample] event=6 rawView=(543.532470703125,504.63134765625) normalized=(0.5788418218350639,0.537413575778754) canvas=(1185.468051118211,947.3769968051117)
SelectionTrace [sample] event=6 rawView=(541.0030517578125,502.40203857421875) normalized=(0.5761480849390974,0.5350394447009784) canvas=(1179.9512779552715,952.2392172523962)
SelectionTrace [sampleBatch] draggedEvents=4 finalCanvas=(1179.9512779552715,952.2392172523962)
SelectionTrace [coordinator.didChangeSelectionAt] point=(1230.9824281150159,920.1982161874334) modifiers=0
SelectionTrace [updateSelection] rawPointCount=2 firstRaw=(1230.9824281150159,921.0709531416401) lastRaw=(1230.9824281150159,920.1982161874334) current=(1230.9824281150159,920.1982161874334) boundsOrigin=(1230.9824281150159,920.1982161874334) boundsSize=(0.0,0.8727369542066299)
SelectionTrace [selectionPreviewShape] pointCount=2 current=(1230.9824281150159,920.1982161874334) previewLast=(1230.9824281150159,920.1982161874334)
SelectionTrace [coordinator.didChangeSelectionAt] point=(1195.4989350372737,940.0212992545262) modifiers=0
SelectionTrace [coordinator.didChangeSelectionAt] point=(1185.468051118211,947.3769968051117) modifiers=0
SelectionTrace [coordinator.didChangeSelectionAt] point=(1179.9512779552715,952.2392172523962) modifiers=0
SelectionTrace [sample] event=6 rawView=(507.6025390625,465.70391845703125) normalized=(0.5405777838791267,0.4959573146507255) canvas=(1107.1033013844515,1032.2794195953143)
SelectionTrace [sample] event=6 rawView=(500.761474609375,449.4698486328125) normalized=(0.5332923052283014,0.4786686353917066) canvas=(1092.1826411075613,1067.6866347177847)
SelectionTrace [sampleBatch] draggedEvents=2 finalCanvas=(1092.1826411075613,1067.6866347177847)
SelectionTrace [coordinator.didChangeSelectionAt] point=(1107.1033013844515,1032.2794195953143) modifiers=0
SelectionTrace [coordinator.didChangeSelectionAt] point=(1092.1826411075613,1067.6866347177847) modifiers=0
SelectionTrace [sample] event=6 rawView=(496.5648193359375,421.40325927734375) normalized=(0.5288230237869409,0.4487787638736355) canvas=(1083.029552715655,1128.9010915867943)
SelectionTrace [sample] event=6 rawView=(496.5648193359375,409.51348876953125) normalized=(0.5288230237869409,0.43611660145849973) canvas=(1083.029552715655,1154.8332002129926)
SelectionTrace [sample] event=6 rawView=(496.5648193359375,408.19879150390625) normalized=(0.5288230237869409,0.43471649787423455) canvas=(1083.029552715655,1157.7006123535675)
SelectionTrace [sampleBatch] draggedEvents=3 finalCanvas=(1083.029552715655,1157.7006123535675)
SelectionTrace [coordinator.didChangeSelectionAt] point=(1083.029552715655,1128.9010915867943) modifiers=0
SelectionTrace [coordinator.didChangeSelectionAt] point=(1083.029552715655,1154.8332002129926) modifiers=0
SelectionTrace [coordinator.didChangeSelectionAt] point=(1083.029552715655,1157.7006123535675) modifiers=0
SelectionTrace [sample] event=6 rawView=(499.9566650390625,396.5948486328125) normalized=(0.5324352130341453,0.422358731238352) canvas=(1090.4273162939296,1183.0093184238551)
SelectionTrace [sample] event=6 rawView=(504.0958251953125,389.278076171875) normalized=(0.5368432643187566,0.4145666412906017) canvas=(1099.4550053248136,1198.9675186368477)
SelectionTrace [sampleBatch] draggedEvents=2 finalCanvas=(1099.4550053248136,1198.9675186368477)
SelectionTrace [coordinator.didChangeSelectionAt] point=(1090.4273162939296,1183.0093184238551) modifiers=0
SelectionTrace [coordinator.didChangeSelectionAt] point=(1099.4550053248136,1198.9675186368477) modifiers=0
SelectionTrace [sample] event=6 rawView=(513.811279296875,379.2747802734375) normalized=(0.5471898608060437,0.4039135040185703) canvas=(1120.6448349307775,1220.785143769968)
SelectionTrace [sample] event=6 rawView=(514.32861328125,378.9888916015625) normalized=(0.5477408022164537,0.4036090432391507) canvas=(1121.7731629392972,1221.4086794462194)
SelectionTrace [sampleBatch] draggedEvents=2 finalCanvas=(1121.7731629392972,1221.4086794462194)
SelectionTrace [coordinator.didChangeSelectionAt] point=(1120.6448349307775,1220.785143769968) modifiers=0
SelectionTrace [coordinator.didChangeSelectionAt] point=(1121.7731629392972,1221.4086794462194) modifiers=0
SelectionTrace [sample] event=6 rawView=(520.8248291015625,375.730712890625) normalized=(0.5546590299271166,0.40013920435636313) canvas=(1135.9416932907347,1228.5149094781682)
SelectionTrace [sample] event=6 rawView=(524.9638671875,373.5584716796875) normalized=(0.559066951211395,0.397825848434172) canvas=(1144.969116080937,1233.2526624068157)
SelectionTrace [sampleBatch] draggedEvents=2 finalCanvas=(1144.969116080937,1233.2526624068157)
SelectionTrace [coordinator.didChangeSelectionAt] point=(1135.9416932907347,1228.5149094781682) modifiers=0
SelectionTrace [coordinator.didChangeSelectionAt] point=(1144.969116080937,1233.2526624068157) modifiers=0
SelectionTrace [sample] event=6 rawView=(532.0924072265625,370.757568359375) normalized=(0.5666585806459664,0.39484299079805646) canvas=(1160.5167731629392,1239.3615548455805)
SelectionTrace [sample] event=6 rawView=(537.0938720703125,369.3284912109375) normalized=(0.571984954281483,0.3933210769019569) canvas=(1171.4251863684772,1242.4784345047924)
SelectionTrace [sampleBatch] draggedEvents=2 finalCanvas=(1171.4251863684772,1242.4784345047924)
SelectionTrace [coordinator.didChangeSelectionAt] point=(1160.5167731629392,1239.3615548455805) modifiers=0
SelectionTrace [coordinator.didChangeSelectionAt] point=(1171.4251863684772,1242.4784345047924) modifiers=0
SelectionTrace [sample] event=6 rawView=(537.611328125,369.099853515625) normalized=(0.5725360256922257,0.3930775862786209) canvas=(1172.5537806176783,1242.9771033013844)
SelectionTrace [sample] event=6 rawView=(545.0272216796875,367.0419921875) normalized=(0.5804336759102103,0.3908860406682641) canvas=(1188.7281682641108,1247.465388711395)
SelectionTrace [sample] event=6 rawView=(552.270751953125,366.1845703125) normalized=(0.5881477656582801,0.38997291833067094) canvas=(1204.5266240681576,1249.335463258786)
SelectionTrace [sampleBatch] draggedEvents=3 finalCanvas=(1204.5266240681576,1249.335463258786)
SelectionTrace [coordinator.didChangeSelectionAt] point=(1172.5537806176783,1242.9771033013844) modifiers=0
SelectionTrace [coordinator.didChangeSelectionAt] point=(1188.7281682641108,1247.465388711395) modifiers=0
SelectionTrace [coordinator.didChangeSelectionAt] point=(1204.5266240681576,1249.335463258786) modifiers=0
SelectionTrace [sample] event=6 rawView=(564.400634765625,365.0985107421875) normalized=(0.6010656387280351,0.38881630536974177) canvas=(1230.9824281150159,1251.7042066027689)
SelectionTrace [sample] event=6 rawView=(572.5064697265625,365.0985107421875) normalized=(0.6096980508270101,0.38881630536974177) canvas=(1248.6616080937167,1251.7042066027689)
SelectionTrace [sampleBatch] draggedEvents=2 finalCanvas=(1248.6616080937167,1251.7042066027689)
SelectionTrace [coordinator.didChangeSelectionAt] point=(1230.9824281150159,1251.7042066027689) modifiers=0
SelectionTrace [coordinator.didChangeSelectionAt] point=(1248.6616080937167,1251.7042066027689) modifiers=0
SelectionTrace [sample] event=6 rawView=(584.8663330078125,365.0985107421875) normalized=(0.622860844523762,0.38881630536974177) canvas=(1275.6190095846646,1251.7042066027689)
SelectionTrace [sample] event=6 rawView=(596.7088623046875,367.72802734375) normalized=(0.6354726968101039,0.3916166425386049) canvas=(1301.4480830670927,1245.969116080937)
SelectionTrace [sampleBatch] draggedEvents=2 finalCanvas=(1301.4480830670927,1245.969116080937)
SelectionTrace [coordinator.didChangeSelectionAt] point=(1275.6190095846646,1251.7042066027689) modifiers=0
SelectionTrace [updateSelection] rawPointCount=24 firstRaw=(1230.9824281150159,921.0709531416401) lastRaw=(1275.6190095846646,1251.7042066027689) current=(1275.6190095846646,1251.7042066027689) boundsOrigin=(1083.029552715655,920.1982161874334) boundsSize=(192.5894568690096,331.5059904153354)
SelectionTrace [selectionPreviewShape] pointCount=24 current=(1275.6190095846646,1251.7042066027689) previewLast=(1275.6190095846646,1251.7042066027689)
SelectionTrace [coordinator.didChangeSelectionAt] point=(1301.4480830670927,1245.969116080937) modifiers=0
SelectionTrace [sample] event=6 rawView=(608.263916015625,370.8719482421875) normalized=(0.6477783983126997,0.39496480110989085) canvas=(1326.650159744409,1239.1120873269435)
SelectionTrace [sample] event=6 rawView=(613.150390625,372.472412109375) normalized=(0.6529823116347178,0.3966692354732428) canvas=(1337.307774227902,1235.6214057507987)
SelectionTrace [sampleBatch] draggedEvents=2 finalCanvas=(1337.307774227902,1235.6214057507987)
SelectionTrace [coordinator.didChangeSelectionAt] point=(1326.650159744409,1239.1120873269435) modifiers=0
SelectionTrace [coordinator.didChangeSelectionAt] point=(1337.307774227902,1235.6214057507987) modifiers=0
SelectionTrace [sample] event=6 rawView=(623.61328125,377.90283203125) normalized=(0.6641249001597445,0.40245243027822153) canvas=(1360.1277955271566,1223.7774227902023)
SelectionTrace [sample] event=6 rawView=(629.6495361328125,382.418701171875) normalized=(0.6705532866164138,0.40726166258985624) canvas=(1373.2931309904154,1213.9281150159745)
SelectionTrace [sampleBatch] draggedEvents=2 finalCanvas=(1373.2931309904154,1213.9281150159745)
SelectionTrace [coordinator.didChangeSelectionAt] point=(1360.1277955271566,1223.7774227902023) modifiers=0
SelectionTrace [coordinator.didChangeSelectionAt] point=(1373.2931309904154,1213.9281150159745) modifiers=0
SelectionTrace [sample] event=6 rawView=(638.272705078125,389.7926025390625) normalized=(0.6797366401257987,0.4151145926933573) canvas=(1392.1006389776358,1197.8453141640043)
SelectionTrace [sample] event=6 rawView=(644.5963134765625,394.6513671875) normalized=(0.6864710473658813,0.4202889959398296) canvas=(1405.8927050053248,1187.248136315229)
SelectionTrace [sampleBatch] draggedEvents=2 finalCanvas=(1405.8927050053248,1187.248136315229)
SelectionTrace [coordinator.didChangeSelectionAt] point=(1392.1006389776358,1197.8453141640043) modifiers=0
SelectionTrace [coordinator.didChangeSelectionAt] point=(1405.8927050053248,1187.248136315229) modifiers=0
SelectionTrace [sample] event=6 rawView=(652.2998046875,401.2821044921875) normalized=(0.6946749783679447,0.4273504840172391) canvas=(1422.6943556975507,1172.7862087326944)
SelectionTrace [sample] event=6 rawView=(656.726318359375,407.34136962890625) normalized=(0.6993890504359691,0.4338033755366414) canvas=(1432.3487752928647,1159.5706869009584)
SelectionTrace [sampleBatch] draggedEvents=2 finalCanvas=(1432.3487752928647,1159.5706869009584)
SelectionTrace [coordinator.didChangeSelectionAt] point=(1422.6943556975507,1172.7862087326944) modifiers=0
SelectionTrace [coordinator.didChangeSelectionAt] point=(1432.3487752928647,1159.5706869009584) modifiers=0
SelectionTrace [sample] event=6 rawView=(662.5325927734375,418.25933837890625) normalized=(0.7055725162656417,0.44543060530234957) canvas=(1445.0125133120341,1135.758120340788)
SelectionTrace [sample] event=6 rawView=(665.3494873046875,427.2337646484375) normalized=(0.7085724039453541,0.454988034769369) canvas=(1451.1562832800853,1116.1845047923323)
SelectionTrace [sampleBatch] draggedEvents=2 finalCanvas=(1451.1562832800853,1116.1845047923323)
SelectionTrace [coordinator.didChangeSelectionAt] point=(1445.0125133120341,1135.758120340788) modifiers=0
SelectionTrace [coordinator.didChangeSelectionAt] point=(1451.1562832800853,1116.1845047923323) modifiers=0
SelectionTrace [sample] event=6 rawView=(666.4417724609375,439.29498291015625) normalized=(0.7097356469232561,0.4678327826519236) canvas=(1453.5386048988285,1089.8784611288606)
SelectionTrace [sample] event=6 rawView=(666.4417724609375,446.72607421875) normalized=(0.7097356469232561,0.4757466179113419) canvas=(1453.5386048988285,1073.6709265175718)
SelectionTrace [sampleBatch] draggedEvents=2 finalCanvas=(1453.5386048988285,1073.6709265175718)
SelectionTrace [coordinator.didChangeSelectionAt] point=(1453.5386048988285,1089.8784611288606) modifiers=0
SelectionTrace [coordinator.didChangeSelectionAt] point=(1453.5386048988285,1073.6709265175718) modifiers=0
SelectionTrace [sample] event=6 rawView=(666.4417724609375,454.95745849609375) normalized=(0.7097356469232561,0.4845127353526025) canvas=(1453.5386048988285,1055.7179179978702)
SelectionTrace [sample] event=6 rawView=(666.4417724609375,459.18743896484375) normalized=(0.7097356469232561,0.4890175068848176) canvas=(1453.5386048988285,1046.4921458998936)
SelectionTrace [sampleBatch] draggedEvents=2 finalCanvas=(1453.5386048988285,1046.4921458998936)
SelectionTrace [coordinator.didChangeSelectionAt] point=(1453.5386048988285,1055.7179179978702) modifiers=0
SelectionTrace [coordinator.didChangeSelectionAt] point=(1453.5386048988285,1046.4921458998936) modifiers=0
SelectionTrace [sample] event=6 rawView=(666.4417724609375,461.359619140625) normalized=(0.7097356469232561,0.4913307978068424) canvas=(1453.5386048988285,1041.7545260915867)
SelectionTrace [sample] event=6 rawView=(666.4417724609375,462.55999755859375) normalized=(0.7097356469232561,0.49260915607943956) canvas=(1453.5386048988285,1039.1364483493078)
SelectionTrace [sampleBatch] draggedEvents=2 finalCanvas=(1453.5386048988285,1039.1364483493078)
SelectionTrace [coordinator.didChangeSelectionAt] point=(1453.5386048988285,1041.7545260915867) modifiers=0
SelectionTrace [coordinator.didChangeSelectionAt] point=(1453.5386048988285,1039.1364483493078) modifiers=0
SelectionTrace [sample] event=6 rawView=(666.4417724609375,463.931884765625) normalized=(0.7097356469232561,0.49407016481962196) canvas=(1453.5386048988285,1036.1443024494142)
SelectionTrace [sampleBatch] draggedEvents=1 finalCanvas=(1453.5386048988285,1036.1443024494142)
SelectionTrace [coordinator.didChangeSelectionAt] point=(1453.5386048988285,1036.1443024494142) modifiers=0
SelectionTrace [sample] event=2 rawView=(666.4417724609375,463.931884765625) normalized=(0.7097356469232561,0.49407016481962196) canvas=(1453.5386048988285,1036.1443024494142)
SelectionTrace [coordinator.didEndSelectionAt] point=(1453.5386048988285,1036.1443024494142) modifiers=0
